Enter Username         : 
Enter remote hostname  : 

[37musername               : [32mdc-bonn2
(B[m[37mremote hostname        : [33mtursa.dirac.ed.ac.uk
(B[m[37muser@hostname          : [34mdc-bonn2@tursa.dirac.ed.ac.uk
(B[m
[37muser remote home dir   : [35m/mnt/lustre/tursafs1/home/dp208/dp208/dc-bonn2
(B[m- - - - - - - - - - - - - - - - - - - - - - - - - - - - - - - - - - - - -
[37mexternal_lib_dir       : [33m/mnt/lustre/tursafs1/home/dp208/dp208/dc-bonn2
(B[m- - - - - - - - - - - - - - - - - - - - - - - - - - - - - - - - - - - - -
